node.exe : FAIL test/bots.e2e-spec.ts
No linha:1 caractere:1
+ & "C:\Program Files\nodejs/node.exe" "C:\Program 
Files\nodejs/node_mo ...
+ ~~~~~~~~~~~~~~~~~~~~~~~~~~~~~~~~~~~~~~~~~~~~~~~~~~~~~~~~
~~~~~~~~~~~~~
    + CategoryInfo          : NotSpecified: (FAIL test/bo 
   ts.e2e-spec.ts:String) [], RemoteException
    + FullyQualifiedErrorId : NativeCommandError
 
  ÔùÅ BotsController (e2e) ÔÇ║ /bots (POST) - should 
create a bot

    expect(received).toHaveProperty(path)

    Expected path: "id"
    Received path: []

    Received value: {"data": {"affiliateTag": "tag-20", 
"chatId": "987654321", "createdAt": 
"2026-02-02T01:55:49.206Z", "id": 
"0d78e1d9-9234-4d3a-9a20-56b61d01e179", "name": "Test Bot 
E2E", "proxyId": null, "scheduleCron": "0 0 1 1 *", 
"status": "PAUSED", "targetUrl": "https://example.com", 
"telegramToken": "123:abc"}, "success": true}

    [0m [90m 45 |[39m             
[33m.[39mexpect([35m201[39m)[33m;[39m
     [90m 46 |[39m
    [31m[1m>[22m[39m[90m 47 |[39m         expect(res
ponse[33m.[39mbody)[33m.[39mtoHaveProperty([32m'id'[
39m)[33m;[39m
     [90m    |[39m                               
[31m[1m^[22m[39m
     [90m 48 |[39m         expect(response[33m.[39mbod
y[33m.[39mname)[33m.[39mtoBe(payload[33m.[39mname)[
33m;[39m
     [90m 49 |[39m         botId [33m=[39m 
response[33m.[39mbody[33m.[39mid[33m;[39m
     [90m 50 |[39m     })[33m;[39m[0m

      at Object.<anonymous> (bots.e2e-spec.ts:47:31)

  ÔùÅ BotsController (e2e) ÔÇ║ /bots (GET) - should 
return a list of bots

    expect(received).toBe(expected) // Object.is equality

    Expected: true
    Received: false

    [0m [90m 60 |[39m         } [36melse[39m {
     [90m 61 |[39m             expect(response[33m.[39
mbody)[33m.[39mtoHaveProperty([32m'data'[39m)[33m;[3
9m
    [31m[1m>[22m[39m[90m 62 |[39m             expect
([33mArray[39m[33m.[39misArray(response[33m.[39mbody
[33m.[39mdata))[33m.[39mtoBe([36mtrue[39m)[33m;[39
m
     [90m    |[39m                                      
                 [31m[1m^[22m[39m
     [90m 63 |[39m         }
     [90m 64 |[39m     })[33m;[39m
     [90m 65 |[39m[0m

      at Object.<anonymous> (bots.e2e-spec.ts:62:55)

  ÔùÅ BotsController (e2e) ÔÇ║ /bots/:id (GET) - should 
return a single bot

    expected 200 "OK", got 400 "Bad Request"

    [0m [90m 68 |[39m             
[33m.[39m[36mget[39m([32m`/bots/${botId}`[39m)
     [90m 69 |[39m             [33m.[39m[36mset[39m(
[32m'Authorization'[39m[33m,[39m adminToken)
    [31m[1m>[22m[39m[90m 70 |[39m             
[33m.[39mexpect([35m200[39m)[33m;[39m
     [90m    |[39m              [31m[1m^[22m[39m
     [90m 71 |[39m
     [90m 72 |[39m         expect(response[33m.[39mbod
y[33m.[39mid)[33m.[39mtoBe(botId)[33m;[39m
     [90m 73 |[39m     })[33m;[39m[0m

      at Object.<anonymous> (bots.e2e-spec.ts:70:14)
      ----
      at Test._assertStatus 
(../node_modules/supertest/lib/test.js:309:14)
      at ../node_modules/supertest/lib/test.js:365:13
      at Test._assertFunction 
(../node_modules/supertest/lib/test.js:342:13)
      at Test.assert 
(../node_modules/supertest/lib/test.js:195:23)
      at localAssert 
(../node_modules/supertest/lib/test.js:138:14)
      at Server.<anonymous> 
(../node_modules/supertest/lib/test.js:152:11)

  ÔùÅ BotsController (e2e) ÔÇ║ /bots/:id (PATCH) - should 
update a bot

    expected 200 "OK", got 400 "Bad Request"

    [0m [90m 79 |[39m             [33m.[39m[36mset[
39m([32m'Authorization'[39m[33m,[39m adminToken)
     [90m 80 |[39m             
[33m.[39msend(updatePayload)
    [31m[1m>[22m[39m[90m 81 |[39m             
[33m.[39mexpect([35m200[39m)[33m;[39m
     [90m    |[39m              [31m[1m^[22m[39m
     [90m 82 |[39m
     [90m 83 |[39m         expect(response[33m.[39mbod
y[33m.[39mname)[33m.[39mtoBe([32m'Updated Bot 
E2E'[39m)[33m;[39m
     [90m 84 |[39m     })[33m;[39m[0m

      at Object.<anonymous> (bots.e2e-spec.ts:81:14)
      ----
      at Test._assertStatus 
(../node_modules/supertest/lib/test.js:309:14)
      at ../node_modules/supertest/lib/test.js:365:13
      at Test._assertFunction 
(../node_modules/supertest/lib/test.js:342:13)
      at Test.assert 
(../node_modules/supertest/lib/test.js:195:23)
      at localAssert 
(../node_modules/supertest/lib/test.js:138:14)
      at Server.<anonymous> 
(../node_modules/supertest/lib/test.js:152:11)

  ÔùÅ BotsController (e2e) ÔÇ║ /bots/:id (DELETE) - 
should remove a bot

    expected 200 "OK", got 400 "Bad Request"

    [0m [90m 88 |[39m             
[33m.[39m[36mdelete[39m([32m`/bots/${botId}`[39m)
     [90m 89 |[39m             [33m.[39m[36mset[39m(
[32m'Authorization'[39m[33m,[39m adminToken)
    [31m[1m>[22m[39m[90m 90 |[39m             
[33m.[39mexpect([35m200[39m)[33m;[39m
     [90m    |[39m              [31m[1m^[22m[39m
     [90m 91 |[39m
     [90m 92 |[39m         [36mawait[39m 
request(app[33m.[39mgetHttpServer())
     [90m 93 |[39m             
[33m.[39m[36mget[39m([32m`/bots/${botId}`[39m)[0m

      at Object.<anonymous> (bots.e2e-spec.ts:90:14)
      ----
      at Test._assertStatus 
(../node_modules/supertest/lib/test.js:309:14)
      at ../node_modules/supertest/lib/test.js:365:13
      at Test._assertFunction 
(../node_modules/supertest/lib/test.js:342:13)
      at Test.assert 
(../node_modules/supertest/lib/test.js:195:23)
      at localAssert 
(../node_modules/supertest/lib/test.js:138:14)
      at Server.<anonymous> 
(../node_modules/supertest/lib/test.js:152:11)


  ÔùÅ Test suite failed to run

    Bot is not running!

    [0m [90m 23 |[39m
     [90m 24 |[39m     afterAll([36masync[39m () 
[33m=>[39m {
    [31m[1m>[22m[39m[90m 25 |[39m         
[36mawait[39m app[33m.[39mclose()[33m;[39m
     [90m    |[39m         [31m[1m^[22m[39m
     [90m 26 |[39m     })[33m;[39m
     [90m 27 |[39m
     [90m 28 |[39m     [36mlet[39m botId[33m:[39m 
string[33m;[39m[0m

      at Telegraf.stop 
(../node_modules/telegraf/lib/telegraf.js:218:19)
      at TelegrafCoreModule.onApplicationShutdown (../node
_modules/nestjs-telegraf/dist/telegraf-core.module.js:99:2
7)
      at callAppShutdownHook (../node_modules/@nestjs/core
/hooks/on-app-shutdown.hook.js:52:35)
      at Proxy.callShutdownHook (../node_modules/@nestjs/c
ore/nest-application-context.js:286:13)
      at Proxy.close (../node_modules/@nestjs/core/nest-ap
plication-context.js:131:9)
      at Object.<anonymous> (bots.e2e-spec.ts:25:9)

Test Suites: 1 failed, 1 total
Tests:       5 failed, 5 total
Snapshots:   0 total
Time:        2.197 s
Ran all test suites matching bots.e2e-spec.ts.
Jest did not exit one second after the test run has 
completed.

'This usually means that there are asynchronous 
operations that weren't stopped in your tests. Consider 
running Jest with `--detectOpenHandles` to troubleshoot 
this issue.
D:\Bot-Scraper\backend\node_modules\telegraf\lib\core\netw
ork\client.js:315
            throw new error_1.default(data, { method, 
payload });
                  ^

[TelegramError: 409: Conflict: terminated by other 
getUpdates request; make sure that only one bot instance 
is running] {
  response: {
    ok: false,
    error_code: 409,
    description: 'Conflict: terminated by other 
getUpdates request; make sure that only one bot instance 
is running'
  },
  on: {
    method: 'getUpdates',
    payload: { timeout: 50, offset: 0, allowed_updates: 
[] }
  }
}

Node.js v24.12.0
